Analysis & Synthesis report for buzzer
Fri Oct 31 22:06:09 2025
Quartus Prime Version 20.1.1 Build 720 11/11/2020 SJ Lite Edition


---------------------
; Table of Contents ;
---------------------
  1. Legal Notice
  2. Analysis & Synthesis Summary
  3. Analysis & Synthesis Settings
  4. Parallel Compilation
  5. Analysis & Synthesis Source Files Read
  6. Analysis & Synthesis Resource Usage Summary
  7. Analysis & Synthesis Resource Utilization by Entity
  8. General Register Statistics
  9. Inverted Register Statistics
 10. Parameter Settings for User Entity Instance: buzzer:buzzer_inst
 11. Parameter Settings for User Entity Instance: buzzer:buzzer_inst|antidrebezg:debounce_up
 12. Parameter Settings for User Entity Instance: buzzer:buzzer_inst|antidrebezg:debounce_down
 13. Parameter Settings for Inferred Entity Instance: buzzer:buzzer_inst|lpm_divide:Div0
 14. Post-Synthesis Netlist Statistics for Top Partition
 15. Elapsed Time Per Partition
 16. Analysis & Synthesis Messages



----------------
; Legal Notice ;
----------------
Copyright (C) 2020  Intel Corporation. All rights reserved.
Your use of Intel Corporation's design tools, logic functions 
and other software and tools, and any partner logic 
functions, and any output files from any of the foregoing 
(including device programming or simulation files), and any 
associated documentation or information are expressly subject 
to the terms and conditions of the Intel Program License 
Subscription Agreement, the Intel Quartus Prime License Agreement,
the Intel FPGA IP License Agreement, or other applicable license
agreement, including, without limitation, that your use is for
the sole purpose of programming logic devices manufactured by
Intel and sold by Intel or its authorized distributors.  Please
refer to the applicable agreement for further details, at
https://fpgasoftware.intel.com/eula.



+----------------------------------------------------------------------------------+
; Analysis & Synthesis Summary                                                     ;
+------------------------------------+---------------------------------------------+
; Analysis & Synthesis Status        ; Successful - Fri Oct 31 22:06:09 2025       ;
; Quartus Prime Version              ; 20.1.1 Build 720 11/11/2020 SJ Lite Edition ;
; Revision Name                      ; buzzer                                      ;
; Top-level Entity Name              ; top                                         ;
; Family                             ; Cyclone IV E                                ;
; Total logic elements               ; 549                                         ;
;     Total combinational functions  ; 543                                         ;
;     Dedicated logic registers      ; 70                                          ;
; Total registers                    ; 70                                          ;
; Total pins                         ; 5                                           ;
; Total virtual pins                 ; 0                                           ;
; Total memory bits                  ; 0                                           ;
; Embedded Multiplier 9-bit elements ; 0                                           ;
; Total PLLs                         ; 0                                           ;
+------------------------------------+---------------------------------------------+


+------------------------------------------------------------------------------------------------------------+
; Analysis & Synthesis Settings                                                                              ;
+------------------------------------------------------------------+--------------------+--------------------+
; Option                                                           ; Setting            ; Default Value      ;
+------------------------------------------------------------------+--------------------+--------------------+
; Device                                                           ; EP4CE6E22C8        ;                    ;
; Top-level entity name                                            ; top                ; buzzer             ;
; Family name                                                      ; Cyclone IV E       ; Cyclone V          ;
; Use smart compilation                                            ; Off                ; Off                ;
; Enable parallel Assembler and Timing Analyzer during compilation ; On                 ; On                 ;
; Enable compact report table                                      ; Off                ; Off                ;
; Restructure Multiplexers                                         ; Auto               ; Auto               ;
; Create Debugging Nodes for IP Cores                              ; Off                ; Off                ;
; Preserve fewer node names                                        ; On                 ; On                 ;
; Intel FPGA IP Evaluation Mode                                    ; Enable             ; Enable             ;
; Verilog Version                                                  ; Verilog_2001       ; Verilog_2001       ;
; VHDL Version                                                     ; VHDL_1993          ; VHDL_1993          ;
; State Machine Processing                                         ; Auto               ; Auto               ;
; Safe State Machine                                               ; Off                ; Off                ;
; Extract Verilog State Machines                                   ; On                 ; On                 ;
; Extract VHDL State Machines                                      ; On                 ; On                 ;
; Ignore Verilog initial constructs                                ; Off                ; Off                ;
; Iteration limit for constant Verilog loops                       ; 5000               ; 5000               ;
; Iteration limit for non-constant Verilog loops                   ; 250                ; 250                ;
; Add Pass-Through Logic to Inferred RAMs                          ; On                 ; On                 ;
; Infer RAMs from Raw Logic                                        ; On                 ; On                 ;
; Parallel Synthesis                                               ; On                 ; On                 ;
; DSP Block Balancing                                              ; Auto               ; Auto               ;
; NOT Gate Push-Back                                               ; On                 ; On                 ;
; Power-Up Don't Care                                              ; On                 ; On                 ;
; Remove Redundant Logic Cells                                     ; Off                ; Off                ;
; Remove Duplicate Registers                                       ; On                 ; On                 ;
; Ignore CARRY Buffers                                             ; Off                ; Off                ;
; Ignore CASCADE Buffers                                           ; Off                ; Off                ;
; Ignore GLOBAL Buffers                                            ; Off                ; Off                ;
; Ignore ROW GLOBAL Buffers                                        ; Off                ; Off                ;
; Ignore LCELL Buffers                                             ; Off                ; Off                ;
; Ignore SOFT Buffers                                              ; On                 ; On                 ;
; Limit AHDL Integers to 32 Bits                                   ; Off                ; Off                ;
; Optimization Technique                                           ; Balanced           ; Balanced           ;
; Carry Chain Length                                               ; 70                 ; 70                 ;
; Auto Carry Chains                                                ; On                 ; On                 ;
; Auto Open-Drain Pins                                             ; On                 ; On                 ;
; Perform WYSIWYG Primitive Resynthesis                            ; Off                ; Off                ;
; Auto ROM Replacement                                             ; On                 ; On                 ;
; Auto RAM Replacement                                             ; On                 ; On                 ;
; Auto DSP Block Replacement                                       ; On                 ; On                 ;
; Auto Shift Register Replacement                                  ; Auto               ; Auto               ;
; Allow Shift Register Merging across Hierarchies                  ; Auto               ; Auto               ;
; Auto Clock Enable Replacement                                    ; On                 ; On                 ;
; Strict RAM Replacement                                           ; Off                ; Off                ;
; Allow Synchronous Control Signals                                ; On                 ; On                 ;
; Force Use of Synchronous Clear Signals                           ; Off                ; Off                ;
; Auto RAM Block Balancing                                         ; On                 ; On                 ;
; Auto RAM to Logic Cell Conversion                                ; Off                ; Off                ;
; Auto Resource Sharing                                            ; Off                ; Off                ;
; Allow Any RAM Size For Recognition                               ; Off                ; Off                ;
; Allow Any ROM Size For Recognition                               ; Off                ; Off                ;
; Allow Any Shift Register Size For Recognition                    ; Off                ; Off                ;
; Use LogicLock Constraints during Resource Balancing              ; On                 ; On                 ;
; Ignore translate_off and synthesis_off directives                ; Off                ; Off                ;
; Timing-Driven Synthesis                                          ; On                 ; On                 ;
; Report Parameter Settings                                        ; On                 ; On                 ;
; Report Source Assignments                                        ; On                 ; On                 ;
; Report Connectivity Checks                                       ; On                 ; On                 ;
; Ignore Maximum Fan-Out Assignments                               ; Off                ; Off                ;
; Synchronization Register Chain Length                            ; 2                  ; 2                  ;
; Power Optimization During Synthesis                              ; Normal compilation ; Normal compilation ;
; HDL message level                                                ; Level2             ; Level2             ;
; Suppress Register Optimization Related Messages                  ; Off                ; Off                ;
; Number of Removed Registers Reported in Synthesis Report         ; 5000               ; 5000               ;
; Number of Swept Nodes Reported in Synthesis Report               ; 5000               ; 5000               ;
; Number of Inverted Registers Reported in Synthesis Report        ; 100                ; 100                ;
; Clock MUX Protection                                             ; On                 ; On                 ;
; Auto Gated Clock Conversion                                      ; Off                ; Off                ;
; Block Design Naming                                              ; Auto               ; Auto               ;
; SDC constraint protection                                        ; Off                ; Off                ;
; Synthesis Effort                                                 ; Auto               ; Auto               ;
; Shift Register Replacement - Allow Asynchronous Clear Signal     ; On                 ; On                 ;
; Pre-Mapping Resynthesis Optimization                             ; Off                ; Off                ;
; Analysis & Synthesis Message Level                               ; Medium             ; Medium             ;
; Disable Register Merging Across Hierarchies                      ; Auto               ; Auto               ;
; Resource Aware Inference For Block RAM                           ; On                 ; On                 ;
+------------------------------------------------------------------+--------------------+--------------------+


+------------------------------------------+
; Parallel Compilation                     ;
+----------------------------+-------------+
; Processors                 ; Number      ;
+----------------------------+-------------+
; Number detected on machine ; 16          ;
; Maximum allowed            ; 16          ;
;                            ;             ;
; Average used               ; 1.00        ;
; Maximum used               ; 16          ;
;                            ;             ;
; Usage by Processor         ; % Time Used ;
;     Processor 1            ; 100.0%      ;
;     Processor 2            ;   0.0%      ;
;     Processor 3            ;   0.0%      ;
;     Processor 4            ;   0.0%      ;
;     Processor 5            ;   0.0%      ;
;     Processor 6            ;   0.0%      ;
;     Processor 7            ;   0.0%      ;
;     Processor 8            ;   0.0%      ;
;     Processors 9-16        ;   0.0%      ;
+----------------------------+-------------+


+--------------------------------------------------------------------------------------------------------------------------------------------------------------------------+
; Analysis & Synthesis Source Files Read                                                                                                                                   ;
+----------------------------------+-----------------+------------------------------+----------------------------------------------------------------------------+---------+
; File Name with User-Entered Path ; Used in Netlist ; File Type                    ; File Name with Absolute Path                                               ; Library ;
+----------------------------------+-----------------+------------------------------+----------------------------------------------------------------------------+---------+
; antidrebezg.sv                   ; yes             ; User SystemVerilog HDL File  ; G:/Train_proj/Laba_3_on_3_buzzer/antidrebezg.sv                            ;         ;
; buzzer.sv                        ; yes             ; User SystemVerilog HDL File  ; G:/Train_proj/Laba_3_on_3_buzzer/buzzer.sv                                 ;         ;
; top.sv                           ; yes             ; User SystemVerilog HDL File  ; G:/Train_proj/Laba_3_on_3_buzzer/top.sv                                    ;         ;
; lpm_divide.tdf                   ; yes             ; Megafunction                 ; f:/intelfpga_lite/20.1/quartus/libraries/megafunctions/lpm_divide.tdf      ;         ;
; abs_divider.inc                  ; yes             ; Megafunction                 ; f:/intelfpga_lite/20.1/quartus/libraries/megafunctions/abs_divider.inc     ;         ;
; sign_div_unsign.inc              ; yes             ; Megafunction                 ; f:/intelfpga_lite/20.1/quartus/libraries/megafunctions/sign_div_unsign.inc ;         ;
; aglobal201.inc                   ; yes             ; Megafunction                 ; f:/intelfpga_lite/20.1/quartus/libraries/megafunctions/aglobal201.inc      ;         ;
; db/lpm_divide_mkm.tdf            ; yes             ; Auto-Generated Megafunction  ; G:/Train_proj/Laba_3_on_3_buzzer/db/lpm_divide_mkm.tdf                     ;         ;
; db/sign_div_unsign_enh.tdf       ; yes             ; Auto-Generated Megafunction  ; G:/Train_proj/Laba_3_on_3_buzzer/db/sign_div_unsign_enh.tdf                ;         ;
; db/alt_u_div_gaf.tdf             ; yes             ; Auto-Generated Megafunction  ; G:/Train_proj/Laba_3_on_3_buzzer/db/alt_u_div_gaf.tdf                      ;         ;
; db/add_sub_7pc.tdf               ; yes             ; Auto-Generated Megafunction  ; G:/Train_proj/Laba_3_on_3_buzzer/db/add_sub_7pc.tdf                        ;         ;
; db/add_sub_8pc.tdf               ; yes             ; Auto-Generated Megafunction  ; G:/Train_proj/Laba_3_on_3_buzzer/db/add_sub_8pc.tdf                        ;         ;
+----------------------------------+-----------------+------------------------------+----------------------------------------------------------------------------+---------+


+---------------------------------------------------------+
; Analysis & Synthesis Resource Usage Summary             ;
+---------------------------------------------+-----------+
; Resource                                    ; Usage     ;
+---------------------------------------------+-----------+
; Estimated Total logic elements              ; 549       ;
;                                             ;           ;
; Total combinational functions               ; 543       ;
; Logic element usage by number of LUT inputs ;           ;
;     -- 4 input functions                    ; 99        ;
;     -- 3 input functions                    ; 332       ;
;     -- <=2 input functions                  ; 112       ;
;                                             ;           ;
; Logic elements by mode                      ;           ;
;     -- normal mode                          ; 268       ;
;     -- arithmetic mode                      ; 275       ;
;                                             ;           ;
; Total registers                             ; 70        ;
;     -- Dedicated logic registers            ; 70        ;
;     -- I/O registers                        ; 0         ;
;                                             ;           ;
; I/O pins                                    ; 5         ;
;                                             ;           ;
; Embedded Multiplier 9-bit elements          ; 0         ;
;                                             ;           ;
; Maximum fan-out node                        ; clk~input ;
; Maximum fan-out                             ; 70        ;
; Total fan-out                               ; 1875      ;
; Average fan-out                             ; 3.01      ;
+---------------------------------------------+-----------+


+-------------------------------------------------------------------------------------------------------------------------------------------------------------------------------------------------------------------------------------------------------------------------------------------------------------------------------------+
; Analysis & Synthesis Resource Utilization by Entity                                                                                                                                                                                                                                                                                 ;
+-------------------------------------------+---------------------+---------------------------+-------------+--------------+---------+-----------+------+--------------+-------------------------------------------------------------------------------------------------------------------------+---------------------+--------------+
; Compilation Hierarchy Node                ; Combinational ALUTs ; Dedicated Logic Registers ; Memory Bits ; DSP Elements ; DSP 9x9 ; DSP 18x18 ; Pins ; Virtual Pins ; Full Hierarchy Name                                                                                                     ; Entity Name         ; Library Name ;
+-------------------------------------------+---------------------+---------------------------+-------------+--------------+---------+-----------+------+--------------+-------------------------------------------------------------------------------------------------------------------------+---------------------+--------------+
; |top                                      ; 543 (0)             ; 70 (0)                    ; 0           ; 0            ; 0       ; 0         ; 5    ; 0            ; |top                                                                                                                    ; top                 ; work         ;
;    |buzzer:buzzer_inst|                   ; 543 (56)            ; 70 (34)                   ; 0           ; 0            ; 0       ; 0         ; 0    ; 0            ; |top|buzzer:buzzer_inst                                                                                                 ; buzzer              ; work         ;
;       |antidrebezg:debounce_down|         ; 19 (19)             ; 18 (18)                   ; 0           ; 0            ; 0       ; 0         ; 0    ; 0            ; |top|buzzer:buzzer_inst|antidrebezg:debounce_down                                                                       ; antidrebezg         ; work         ;
;       |antidrebezg:debounce_up|           ; 19 (19)             ; 18 (18)                   ; 0           ; 0            ; 0       ; 0         ; 0    ; 0            ; |top|buzzer:buzzer_inst|antidrebezg:debounce_up                                                                         ; antidrebezg         ; work         ;
;       |lpm_divide:Div0|                   ; 449 (0)             ; 0 (0)                     ; 0           ; 0            ; 0       ; 0         ; 0    ; 0            ; |top|buzzer:buzzer_inst|lpm_divide:Div0                                                                                 ; lpm_divide          ; work         ;
;          |lpm_divide_mkm:auto_generated|  ; 449 (0)             ; 0 (0)                     ; 0           ; 0            ; 0       ; 0         ; 0    ; 0            ; |top|buzzer:buzzer_inst|lpm_divide:Div0|lpm_divide_mkm:auto_generated                                                   ; lpm_divide_mkm      ; work         ;
;             |sign_div_unsign_enh:divider| ; 449 (0)             ; 0 (0)                     ; 0           ; 0            ; 0       ; 0         ; 0    ; 0            ; |top|buzzer:buzzer_inst|lpm_divide:Div0|lpm_divide_mkm:auto_generated|sign_div_unsign_enh:divider                       ; sign_div_unsign_enh ; work         ;
;                |alt_u_div_gaf:divider|    ; 449 (449)           ; 0 (0)                     ; 0           ; 0            ; 0       ; 0         ; 0    ; 0            ; |top|buzzer:buzzer_inst|lpm_divide:Div0|lpm_divide_mkm:auto_generated|sign_div_unsign_enh:divider|alt_u_div_gaf:divider ; alt_u_div_gaf       ; work         ;
+-------------------------------------------+---------------------+---------------------------+-------------+--------------+---------+-----------+------+--------------+-------------------------------------------------------------------------------------------------------------------------+---------------------+--------------+
Note: For table entries with two numbers listed, the numbers in parentheses indicate the number of resources of the given type used by the specific entity alone. The numbers listed outside of parentheses indicate the total resources of the given type used by the specific entity and all of its sub-entities in the hierarchy.


+------------------------------------------------------+
; General Register Statistics                          ;
+----------------------------------------------+-------+
; Statistic                                    ; Value ;
+----------------------------------------------+-------+
; Total registers                              ; 70    ;
; Number of registers using Synchronous Clear  ; 46    ;
; Number of registers using Synchronous Load   ; 0     ;
; Number of registers using Asynchronous Clear ; 68    ;
; Number of registers using Asynchronous Load  ; 0     ;
; Number of registers using Clock Enable       ; 45    ;
; Number of registers using Preset             ; 0     ;
+----------------------------------------------+-------+


+--------------------------------------------------+
; Inverted Register Statistics                     ;
+----------------------------------------+---------+
; Inverted Register                      ; Fan out ;
+----------------------------------------+---------+
; buzzer:buzzer_inst|target_freq[9]      ; 20      ;
; buzzer:buzzer_inst|target_freq[10]     ; 20      ;
; buzzer:buzzer_inst|target_freq[11]     ; 22      ;
; buzzer:buzzer_inst|target_freq[14]     ; 19      ;
; buzzer:buzzer_inst|target_freq[5]      ; 24      ;
; Total number of inverted registers = 5 ;         ;
+----------------------------------------+---------+


+-----------------------------------------------------------------+
; Parameter Settings for User Entity Instance: buzzer:buzzer_inst ;
+----------------+----------+-------------------------------------+
; Parameter Name ; Value    ; Type                                ;
+----------------+----------+-------------------------------------+
; CLK_FREQ       ; 50000000 ; Signed Integer                      ;
; MIN_FREQ       ; 1000     ; Signed Integer                      ;
; MAX_FREQ       ; 20000    ; Signed Integer                      ;
; DEFAULT_FREQ   ; 20000    ; Signed Integer                      ;
+----------------+----------+-------------------------------------+
Note: In order to hide this table in the UI and the text report file, please set the "Show Parameter Settings in Synthesis Report" option in "Analysis and Synthesis Settings -> More Settings" to "Off".


+-----------------------------------------------------------------------------------------+
; Parameter Settings for User Entity Instance: buzzer:buzzer_inst|antidrebezg:debounce_up ;
+----------------+-------+----------------------------------------------------------------+
; Parameter Name ; Value ; Type                                                           ;
+----------------+-------+----------------------------------------------------------------+
; COUNTER_WIDTH  ; 15    ; Signed Integer                                                 ;
; COUNTER_MAX    ; 32000 ; Signed Integer                                                 ;
+----------------+-------+----------------------------------------------------------------+
Note: In order to hide this table in the UI and the text report file, please set the "Show Parameter Settings in Synthesis Report" option in "Analysis and Synthesis Settings -> More Settings" to "Off".


+-------------------------------------------------------------------------------------------+
; Parameter Settings for User Entity Instance: buzzer:buzzer_inst|antidrebezg:debounce_down ;
+----------------+-------+------------------------------------------------------------------+
; Parameter Name ; Value ; Type                                                             ;
+----------------+-------+------------------------------------------------------------------+
; COUNTER_WIDTH  ; 15    ; Signed Integer                                                   ;
; COUNTER_MAX    ; 32000 ; Signed Integer                                                   ;
+----------------+-------+------------------------------------------------------------------+
Note: In order to hide this table in the UI and the text report file, please set the "Show Parameter Settings in Synthesis Report" option in "Analysis and Synthesis Settings -> More Settings" to "Off".


+-------------------------------------------------------------------------------------+
; Parameter Settings for Inferred Entity Instance: buzzer:buzzer_inst|lpm_divide:Div0 ;
+------------------------+----------------+-------------------------------------------+
; Parameter Name         ; Value          ; Type                                      ;
+------------------------+----------------+-------------------------------------------+
; LPM_WIDTHN             ; 26             ; Untyped                                   ;
; LPM_WIDTHD             ; 16             ; Untyped                                   ;
; LPM_NREPRESENTATION    ; UNSIGNED       ; Untyped                                   ;
; LPM_DREPRESENTATION    ; UNSIGNED       ; Untyped                                   ;
; LPM_PIPELINE           ; 0              ; Untyped                                   ;
; LPM_REMAINDERPOSITIVE  ; TRUE           ; Untyped                                   ;
; MAXIMIZE_SPEED         ; 5              ; Untyped                                   ;
; CBXI_PARAMETER         ; lpm_divide_mkm ; Untyped                                   ;
; CARRY_CHAIN            ; MANUAL         ; Untyped                                   ;
; OPTIMIZE_FOR_SPEED     ; 5              ; Untyped                                   ;
; AUTO_CARRY_CHAINS      ; ON             ; AUTO_CARRY                                ;
; IGNORE_CARRY_BUFFERS   ; OFF            ; IGNORE_CARRY                              ;
; AUTO_CASCADE_CHAINS    ; ON             ; AUTO_CASCADE                              ;
; IGNORE_CASCADE_BUFFERS ; OFF            ; IGNORE_CASCADE                            ;
+------------------------+----------------+-------------------------------------------+
Note: In order to hide this table in the UI and the text report file, please set the "Show Parameter Settings in Synthesis Report" option in "Analysis and Synthesis Settings -> More Settings" to "Off".


+-----------------------------------------------------+
; Post-Synthesis Netlist Statistics for Top Partition ;
+-----------------------+-----------------------------+
; Type                  ; Count                       ;
+-----------------------+-----------------------------+
; boundary_port         ; 5                           ;
; cycloneiii_ff         ; 70                          ;
;     CLR               ; 9                           ;
;     CLR SCLR          ; 16                          ;
;     ENA               ; 2                           ;
;     ENA CLR           ; 13                          ;
;     ENA CLR SCLR      ; 30                          ;
; cycloneiii_lcell_comb ; 543                         ;
;     arith             ; 275                         ;
;         2 data inputs ; 54                          ;
;         3 data inputs ; 221                         ;
;     normal            ; 268                         ;
;         0 data inputs ; 21                          ;
;         1 data inputs ; 4                           ;
;         2 data inputs ; 33                          ;
;         3 data inputs ; 111                         ;
;         4 data inputs ; 99                          ;
;                       ;                             ;
; Max LUT depth         ; 67.90                       ;
; Average LUT depth     ; 51.80                       ;
+-----------------------+-----------------------------+


+-------------------------------+
; Elapsed Time Per Partition    ;
+----------------+--------------+
; Partition Name ; Elapsed Time ;
+----------------+--------------+
; Top            ; 00:00:07     ;
+----------------+--------------+


+-------------------------------+
; Analysis & Synthesis Messages ;
+-------------------------------+
Info: *******************************************************************
Info: Running Quartus Prime Analysis & Synthesis
    Info: Version 20.1.1 Build 720 11/11/2020 SJ Lite Edition
    Info: Processing started: Fri Oct 31 22:05:47 2025
Info: Command: quartus_map --read_settings_files=on --write_settings_files=off buzzer -c buzzer
Warning (18236): Number of processors has not been specified which may cause overloading on shared machines.  Set the global assignment NUM_PARALLEL_PROCESSORS in your QSF to an appropriate value for best performance.
Info (20030): Parallel compilation is enabled and will use 16 of the 16 processors detected
Info (12021): Found 1 design units, including 1 entities, in source file antidrebezg.sv
    Info (12023): Found entity 1: antidrebezg File: G:/Train_proj/Laba_3_on_3_buzzer/antidrebezg.sv Line: 1
Info (12021): Found 1 design units, including 1 entities, in source file buzzer.sv
    Info (12023): Found entity 1: buzzer File: G:/Train_proj/Laba_3_on_3_buzzer/buzzer.sv Line: 1
Info (12021): Found 1 design units, including 1 entities, in source file top.sv
    Info (12023): Found entity 1: top File: G:/Train_proj/Laba_3_on_3_buzzer/top.sv Line: 1
Info (12127): Elaborating entity "top" for the top level hierarchy
Info (12128): Elaborating entity "buzzer" for hierarchy "buzzer:buzzer_inst" File: G:/Train_proj/Laba_3_on_3_buzzer/top.sv Line: 20
Warning (10230): Verilog HDL assignment warning at buzzer.sv(61): truncated value with size 32 to match size of target (16) File: G:/Train_proj/Laba_3_on_3_buzzer/buzzer.sv Line: 61
Warning (10230): Verilog HDL assignment warning at buzzer.sv(64): truncated value with size 32 to match size of target (16) File: G:/Train_proj/Laba_3_on_3_buzzer/buzzer.sv Line: 64
Warning (10230): Verilog HDL assignment warning at buzzer.sv(66): truncated value with size 32 to match size of target (16) File: G:/Train_proj/Laba_3_on_3_buzzer/buzzer.sv Line: 66
Warning (10240): Verilog HDL Always Construct warning at buzzer.sv(59): inferring latch(es) for variable "target_freq", which holds its previous value in one or more paths through the always construct File: G:/Train_proj/Laba_3_on_3_buzzer/buzzer.sv Line: 59
Warning (10230): Verilog HDL assignment warning at buzzer.sv(72): truncated value with size 32 to match size of target (16) File: G:/Train_proj/Laba_3_on_3_buzzer/buzzer.sv Line: 72
Warning (10230): Verilog HDL assignment warning at buzzer.sv(84): truncated value with size 32 to match size of target (16) File: G:/Train_proj/Laba_3_on_3_buzzer/buzzer.sv Line: 84
Info (10041): Inferred latch for "target_freq[0]" at buzzer.sv(59) File: G:/Train_proj/Laba_3_on_3_buzzer/buzzer.sv Line: 59
Info (10041): Inferred latch for "target_freq[1]" at buzzer.sv(59) File: G:/Train_proj/Laba_3_on_3_buzzer/buzzer.sv Line: 59
Info (10041): Inferred latch for "target_freq[2]" at buzzer.sv(59) File: G:/Train_proj/Laba_3_on_3_buzzer/buzzer.sv Line: 59
Info (12128): Elaborating entity "antidrebezg" for hierarchy "buzzer:buzzer_inst|antidrebezg:debounce_up" File: G:/Train_proj/Laba_3_on_3_buzzer/buzzer.sv Line: 30
Info (278001): Inferred 1 megafunctions from design logic
    Info (278004): Inferred divider/modulo megafunction ("lpm_divide") from the following logic: "buzzer:buzzer_inst|Div0" File: G:/Train_proj/Laba_3_on_3_buzzer/buzzer.sv Line: 72
Info (12130): Elaborated megafunction instantiation "buzzer:buzzer_inst|lpm_divide:Div0" File: G:/Train_proj/Laba_3_on_3_buzzer/buzzer.sv Line: 72
Info (12133): Instantiated megafunction "buzzer:buzzer_inst|lpm_divide:Div0" with the following parameter: File: G:/Train_proj/Laba_3_on_3_buzzer/buzzer.sv Line: 72
    Info (12134): Parameter "LPM_WIDTHN" = "26"
    Info (12134): Parameter "LPM_WIDTHD" = "16"
    Info (12134): Parameter "LPM_NREPRESENTATION" = "UNSIGNED"
    Info (12134): Parameter "LPM_DREPRESENTATION" = "UNSIGNED"
Info (12021): Found 1 design units, including 1 entities, in source file db/lpm_divide_mkm.tdf
    Info (12023): Found entity 1: lpm_divide_mkm File: G:/Train_proj/Laba_3_on_3_buzzer/db/lpm_divide_mkm.tdf Line: 25
Info (12021): Found 1 design units, including 1 entities, in source file db/sign_div_unsign_enh.tdf
    Info (12023): Found entity 1: sign_div_unsign_enh File: G:/Train_proj/Laba_3_on_3_buzzer/db/sign_div_unsign_enh.tdf Line: 25
Info (12021): Found 1 design units, including 1 entities, in source file db/alt_u_div_gaf.tdf
    Info (12023): Found entity 1: alt_u_div_gaf File: G:/Train_proj/Laba_3_on_3_buzzer/db/alt_u_div_gaf.tdf Line: 27
Info (12021): Found 1 design units, including 1 entities, in source file db/add_sub_7pc.tdf
    Info (12023): Found entity 1: add_sub_7pc File: G:/Train_proj/Laba_3_on_3_buzzer/db/add_sub_7pc.tdf Line: 23
Info (12021): Found 1 design units, including 1 entities, in source file db/add_sub_8pc.tdf
    Info (12023): Found entity 1: add_sub_8pc File: G:/Train_proj/Laba_3_on_3_buzzer/db/add_sub_8pc.tdf Line: 23
Info (286030): Timing-Driven Synthesis is running
Info (17016): Found the following redundant logic cells in design
    Info (17048): Logic cell "buzzer:buzzer_inst|lpm_divide:Div0|lpm_divide_mkm:auto_generated|sign_div_unsign_enh:divider|alt_u_div_gaf:divider|add_sub_5_result_int[3]~6" File: G:/Train_proj/Laba_3_on_3_buzzer/db/alt_u_div_gaf.tdf Line: 132
Info (16010): Generating hard_block partition "hard_block:auto_generated_inst"
    Info (16011): Adding 0 node(s), including 0 DDIO, 0 PLL, 0 transceiver and 0 LCELL
Info (21057): Implemented 554 device resources after synthesis - the final resource count might be different
    Info (21058): Implemented 4 input pins
    Info (21059): Implemented 1 output pins
    Info (21061): Implemented 549 logic cells
Info: Quartus Prime Analysis & Synthesis was successful. 0 errors, 7 warnings
    Info: Peak virtual memory: 4843 megabytes
    Info: Processing ended: Fri Oct 31 22:06:09 2025
    Info: Elapsed time: 00:00:22
    Info: Total CPU time (on all processors): 00:00:16


